<html>
<body>
<pre>
<h1>µVision Build Log</h1>
<h2>Project:</h2>
E:\v24he2v8\arm\project\LPC2148_DHT11_LCD\1.uvproj
Project File Date:  02/01/2025

<h2>Output:</h2>
Build target 'Target 1'
assembling Startup.s...
compiling delay.c...
compiling dht11.c...
compiling main.c...
compiling lcd.c...
linking...
Program Size: Code=2344 RO-data=16 RW-data=0 ZI-data=1256  
FromELF: creating hex file...
"11.axf" - 0 Error(s), 0 Warning(s).
Build target 'Target 1'
assembling Startup.s...
compiling delay.c...
compiling dht11.c...
compiling main.c...
compiling lcd.c...
linking...
Program Size: Code=2344 RO-data=16 RW-data=0 ZI-data=1256  
FromELF: creating hex file...
"11.axf" - 0 Error(s), 0 Warning(s).
