ARM Linker, 4.1 [Build 481] [Evaluation]

==============================================================================

Section Cross References

    startup.o(STACK) refers (Special) to heapauxi.o(.text) for __use_two_region_memory
    startup.o(HEAP) refers (Special) to heapauxi.o(.text) for __use_two_region_memory
    startup.o(RESET) refers (Special) to heapauxi.o(.text) for __use_two_region_memory
    startup.o(RESET) refers to startup.o(STACK) for Stack_Top
    startup.o(RESET) refers to __main.o(!!!main) for __main
    startup.o(.text) refers (Special) to heapauxi.o(.text) for __use_two_region_memory
    startup.o(.text) refers to startup.o(HEAP) for Heap_Mem
    startup.o(.text) refers to startup.o(STACK) for Stack_Mem
    lcd.o(.text) refers to delay.o(.text) for delay_us
    lcd.o(.text) refers to aeabi_sdiv.o(.text_udiv) for __aeabi_uidivmod
    lcd.o(.text) refers to f2d.o(x$fpl$f2d) for __aeabi_f2d
    lcd.o(.text) refers to dleqf.o(x$fpl$dleqf) for __aeabi_cdcmple
    lcd.o(.text) refers to ffixu.o(x$fpl$ffixu) for __aeabi_f2uiz
    lcd.o(.text) refers to fflt_noclz.o(x$fpl$ffltu) for __aeabi_ui2f
    lcd.o(.text) refers to faddsub_noclz.o(x$fpl$frsb) for __aeabi_frsub
    lcd.o(.text) refers to fmul.o(x$fpl$fmul) for __aeabi_fmul
    main.o(.text) refers to lcd.o(.text) for cmdlcd
    main.o(.text) refers to kpm.o(.text) for KeyScan
    main.o(.text) refers to edit_fun.o(.text) for Edit_Time
    main.o(.text) refers to uart0.o(.text) for InitUART0
    main.o(.text) refers to i2c.o(.text) for init_i2c
    main.o(.text) refers to delay.o(.text) for delay_s
    main.o(.text) refers to esp01.o(.text) for esp01_connectAP
    main.o(.text) refers to i2c_eeprom.o(.text) for i2c_eeprom_write
    main.o(.text) refers to main.o(.data) for SPTemp
    main.o(.text) refers to dht11.o(.text) for dht11_request
    main.o(.text) refers to aeabi_sdiv.o(.text) for __aeabi_idivmod
    kpm.o(.text) refers to delay.o(.text) for delay_ms
    kpm.o(.text) refers to lcd.o(.text) for charlcd
    kpm.o(.text) refers to aeabi_sdiv.o(.text_udiv) for __aeabi_uidivmod
    kpm.o(.text) refers to kpm.o(.data) for kpmLut
    dht11.o(.text) refers to delay.o(.text) for delay_ms
    edit_fun.o(.text) refers to lcd.o(.text) for initlcd
    edit_fun.o(.text) refers to kpm.o(.text) for InitKPM
    edit_fun.o(.text) refers to delay.o(.text) for delay_s
    edit_fun.o(.text) refers to i2c_eeprom.o(.text) for i2c_eeprom_read
    edit_fun.o(.text) refers to main.o(.data) for SPTemp
    esp01.o(.text) refers to lcd.o(.text) for cmdlcd
    esp01.o(.text) refers to delay.o(.text) for delay_ms
    esp01.o(.text) refers to uart0.o(.text) for UART0_Str
    esp01.o(.text) refers to rt_memclr.o(.text) for __aeabi_memclr
    esp01.o(.text) refers to strstr.o(.text) for strstr
    esp01.o(.text) refers to uart0.o(.data) for i
    esp01.o(.text) refers to strrchr.o(.text) for strrchr
    esp01.o(.text) refers to esp01.o(.constdata) for .constdata
    uart0.o(.text) refers to aeabi_sdiv.o(.text_udiv) for __aeabi_uidivmod
    uart0.o(.text) refers to ffix.o(x$fpl$ffix) for __aeabi_f2iz
    uart0.o(.text) refers to fflt_noclz.o(x$fpl$fflt) for __aeabi_i2f
    uart0.o(.text) refers to faddsub_noclz.o(x$fpl$frsb) for __aeabi_frsub
    uart0.o(.text) refers to fmul.o(x$fpl$fmul) for __aeabi_fmul
    uart0.o(.text) refers to uart0.o(.data) for ch
    i2c_eeprom.o(.text) refers to i2c.o(.text) for i2c_start
    i2c_eeprom.o(.text) refers to delay.o(.text) for delay_ms
    rt_memclr.o(.text) refers to rt_memclr_w.o(.text) for _memset_w
    aeabi_sdiv.o(.text_udiv) refers to aeabi_sdiv.o(.text) for __arm_div2
    aeabi_sdiv_div0.o(.text_udiv) refers to aeabi_sdiv_div0.o(.text) for __arm_div2
    __main.o(!!!main) refers to rtentry.o(.ARM.Collect$$rtentry$$00000000) for __rt_entry
    dleqf.o(x$fpl$dleqf) refers (Special) to usenofp.o(x$fpl$usenofp) for __I$use$fp
    dleqf.o(x$fpl$dleqf) refers to dnaninf.o(x$fpl$dnaninf) for __fpl_dnaninf
    dleqf.o(x$fpl$dleqf) refers to dcmpi.o(x$fpl$dcmpinf) for __fpl_dcmp_Inf
    f2d.o(x$fpl$f2d) refers (Special) to usenofp.o(x$fpl$usenofp) for __I$use$fp
    f2d.o(x$fpl$f2d) refers to fnaninf.o(x$fpl$fnaninf) for __fpl_fnaninf
    f2d.o(x$fpl$f2d) refers to dretinf.o(x$fpl$dretinf) for __fpl_dretinf
    faddsub_noclz.o(x$fpl$fadd) refers (Special) to usenofp.o(x$fpl$usenofp) for __I$use$fp
    faddsub_noclz.o(x$fpl$fadd) refers to faddsub_noclz.o(x$fpl$fsub) for _fsub1
    faddsub_noclz.o(x$fpl$fadd) refers to fretinf.o(x$fpl$fretinf) for __fpl_fretinf
    faddsub_noclz.o(x$fpl$fadd) refers to fnaninf.o(x$fpl$fnaninf) for __fpl_fnaninf
    faddsub_noclz.o(x$fpl$frsb) refers (Special) to usenofp.o(x$fpl$usenofp) for __I$use$fp
    faddsub_noclz.o(x$fpl$frsb) refers to faddsub_noclz.o(x$fpl$fadd) for _fadd1
    faddsub_noclz.o(x$fpl$frsb) refers to faddsub_noclz.o(x$fpl$fsub) for _fsub1
    faddsub_noclz.o(x$fpl$fsub) refers (Special) to usenofp.o(x$fpl$usenofp) for __I$use$fp
    faddsub_noclz.o(x$fpl$fsub) refers to faddsub_noclz.o(x$fpl$fadd) for _fadd1
    faddsub_noclz.o(x$fpl$fsub) refers to fnaninf.o(x$fpl$fnaninf) for __fpl_fnaninf
    ffix.o(x$fpl$ffix) refers (Special) to usenofp.o(x$fpl$usenofp) for __I$use$fp
    ffix.o(x$fpl$ffix) refers to fnaninf.o(x$fpl$fnaninf) for __fpl_fnaninf
    ffix.o(x$fpl$ffixr) refers (Special) to usenofp.o(x$fpl$usenofp) for __I$use$fp
    ffix.o(x$fpl$ffixr) refers to fnaninf.o(x$fpl$fnaninf) for __fpl_fnaninf
    ffixu.o(x$fpl$ffixu) refers (Special) to usenofp.o(x$fpl$usenofp) for __I$use$fp
    ffixu.o(x$fpl$ffixu) refers to fnaninf.o(x$fpl$fnaninf) for __fpl_fnaninf
    ffixu.o(x$fpl$ffixur) refers (Special) to usenofp.o(x$fpl$usenofp) for __I$use$fp
    ffixu.o(x$fpl$ffixur) refers to fnaninf.o(x$fpl$fnaninf) for __fpl_fnaninf
    fflt_noclz.o(x$fpl$ffltu) refers (Special) to usenofp.o(x$fpl$usenofp) for __I$use$fp
    fflt_noclz.o(x$fpl$ffltu) refers to fflt_noclz.o(x$fpl$fflt) for __fflt_normalise
    fflt_noclz.o(x$fpl$fflt) refers (Special) to usenofp.o(x$fpl$usenofp) for __I$use$fp
    fmul.o(x$fpl$fmul) refers (Special) to usenofp.o(x$fpl$usenofp) for __I$use$fp
    fmul.o(x$fpl$fmul) refers to fretinf.o(x$fpl$fretinf) for __fpl_fretinf
    fmul.o(x$fpl$fmul) refers to fnaninf.o(x$fpl$fnaninf) for __fpl_fnaninf
    rtentry.o(.ARM.Collect$$rtentry$$00000000) refers (Special) to rtentry2.o(.ARM.Collect$$rtentry$$0000000A) for __rt_entry_li
    rtentry.o(.ARM.Collect$$rtentry$$00000000) refers (Special) to rtentry2.o(.ARM.Collect$$rtentry$$0000000D) for __rt_entry_main
    rtentry.o(.ARM.Collect$$rtentry$$00000000) refers (Special) to rtentry2.o(.ARM.Collect$$rtentry$$0000000C) for __rt_entry_postli_1
    rtentry.o(.ARM.Collect$$rtentry$$00000000) refers (Special) to rtentry2.o(.ARM.Collect$$rtentry$$00000009) for __rt_entry_postsh_1
    rtentry.o(.ARM.Collect$$rtentry$$00000000) refers (Special) to rtentry2.o(.ARM.Collect$$rtentry$$00000002) for __rt_entry_presh_1
    rtentry.o(.ARM.Collect$$rtentry$$00000000) refers (Special) to rtentry4.o(.ARM.Collect$$rtentry$$00000004) for __rt_entry_sh
    rtentry.o(.ARM.exidx) refers (Special) to rtentry2.o(.ARM.Collect$$rtentry$$0000000A) for __rt_entry_li
    rtentry.o(.ARM.exidx) refers (Special) to rtentry2.o(.ARM.Collect$$rtentry$$0000000D) for __rt_entry_main
    rtentry.o(.ARM.exidx) refers (Special) to rtentry2.o(.ARM.Collect$$rtentry$$0000000C) for __rt_entry_postli_1
    rtentry.o(.ARM.exidx) refers (Special) to rtentry2.o(.ARM.Collect$$rtentry$$00000009) for __rt_entry_postsh_1
    rtentry.o(.ARM.exidx) refers (Special) to rtentry2.o(.ARM.Collect$$rtentry$$00000002) for __rt_entry_presh_1
    rtentry.o(.ARM.exidx) refers (Special) to rtentry4.o(.ARM.Collect$$rtentry$$00000004) for __rt_entry_sh
    rtentry.o(.ARM.exidx) refers to rtentry.o(.ARM.Collect$$rtentry$$00000000) for .ARM.Collect$$rtentry$$00000000
    aeabi_idiv0_sigfpe.o(.text) refers to rt_div0.o(.text) for __rt_div0
    dcmpi.o(x$fpl$dcmpinf) refers (Special) to usenofp.o(x$fpl$usenofp) for __I$use$fp
    dnaninf.o(x$fpl$dnaninf) refers (Special) to usenofp.o(x$fpl$usenofp) for __I$use$fp
    dretinf.o(x$fpl$dretinf) refers (Special) to usenofp.o(x$fpl$usenofp) for __I$use$fp
    fnaninf.o(x$fpl$fnaninf) refers (Special) to usenofp.o(x$fpl$usenofp) for __I$use$fp
    fretinf.o(x$fpl$fretinf) refers (Special) to usenofp.o(x$fpl$usenofp) for __I$use$fp
    rtentry2.o(.ARM.Collect$$rtentry$$00000008) refers to boardinit2.o(.text) for _platform_post_stackheap_init
    rtentry2.o(.ARM.Collect$$rtentry$$0000000A) refers to libinit.o(.ARM.Collect$$libinit$$00000000) for __rt_lib_init
    rtentry2.o(.ARM.Collect$$rtentry$$0000000B) refers to boardinit3.o(.text) for _platform_post_lib_init
    rtentry2.o(.ARM.Collect$$rtentry$$0000000D) refers to exit.o(.text) for exit
    rtentry2.o(.ARM.Collect$$rtentry$$0000000D) refers to main.o(.text) for main
    rtentry2.o(.ARM.exidx) refers to rtentry2.o(.ARM.Collect$$rtentry$$00000001) for .ARM.Collect$$rtentry$$00000001
    rtentry2.o(.ARM.exidx) refers to rtentry2.o(.ARM.Collect$$rtentry$$00000002) for .ARM.Collect$$rtentry$$00000002
    rtentry2.o(.ARM.exidx) refers to rtentry2.o(.ARM.Collect$$rtentry$$00000008) for .ARM.Collect$$rtentry$$00000008
    rtentry2.o(.ARM.exidx) refers to rtentry2.o(.ARM.Collect$$rtentry$$00000009) for .ARM.Collect$$rtentry$$00000009
    rtentry2.o(.ARM.exidx) refers to rtentry2.o(.ARM.Collect$$rtentry$$0000000A) for .ARM.Collect$$rtentry$$0000000A
    rtentry2.o(.ARM.exidx) refers to rtentry2.o(.ARM.Collect$$rtentry$$0000000B) for .ARM.Collect$$rtentry$$0000000B
    rtentry2.o(.ARM.exidx) refers to rtentry2.o(.ARM.Collect$$rtentry$$0000000C) for .ARM.Collect$$rtentry$$0000000C
    rtentry2.o(.ARM.exidx) refers to rtentry2.o(.ARM.Collect$$rtentry$$0000000D) for .ARM.Collect$$rtentry$$0000000D
    rtentry4.o(.ARM.Collect$$rtentry$$00000004) refers to sys_stackheap_outer.o(.text) for __user_setup_stackheap
    rtentry4.o(.ARM.exidx) refers to rtentry4.o(.ARM.Collect$$rtentry$$00000004) for .ARM.Collect$$rtentry$$00000004
    rt_div0.o(.text) refers to defsig_fpe_outer.o(.text) for __rt_SIGFPE
    sys_stackheap_outer.o(.text) refers to libspace.o(.text) for __user_perproc_libspace
    sys_stackheap_outer.o(.text) refers to startup.o(.text) for __user_initial_stackheap
    exit.o(.text) refers to rtexit.o(.ARM.Collect$$rtexit$$00000000) for __rt_exit
    defsig_fpe_outer.o(.text) refers to defsig_fpe_inner.o(.text) for __rt_SIGFPE_inner
    defsig_fpe_outer.o(.text) refers to defsig_exit.o(.text) for __sig_exit
    defsig_fpe_formal.o(.text) refers to rt_raise.o(.text) for __rt_raise
    libinit.o(.ARM.Collect$$libinit$$00000000) refers (Special) to libinit2.o(.ARM.Collect$$libinit$$0000002A) for __rt_lib_init_alloca_1
    libinit.o(.ARM.Collect$$libinit$$00000000) refers (Special) to libinit2.o(.ARM.Collect$$libinit$$00000028) for __rt_lib_init_argv_1
    libinit.o(.ARM.Collect$$libinit$$00000000) refers (Special) to libinit2.o(.ARM.Collect$$libinit$$00000017) for __rt_lib_init_atexit_1
    libinit.o(.ARM.Collect$$libinit$$00000000) refers (Special) to libinit2.o(.ARM.Collect$$libinit$$0000001D) for __rt_lib_init_clock_1
    libinit.o(.ARM.Collect$$libinit$$00000000) refers (Special) to libinit2.o(.ARM.Collect$$libinit$$0000002E) for __rt_lib_init_cpp_1
    libinit.o(.ARM.Collect$$libinit$$00000000) refers (Special) to libinit2.o(.ARM.Collect$$libinit$$0000002C) for __rt_lib_init_exceptions_1
    libinit.o(.ARM.Collect$$libinit$$00000000) refers (Special) to libinit2.o(.ARM.Collect$$libinit$$0000001B) for __rt_lib_init_fp_trap_1
    libinit.o(.ARM.Collect$$libinit$$00000000) refers (Special) to libinit2.o(.ARM.Collect$$libinit$$0000001F) for __rt_lib_init_getenv_1
    libinit.o(.ARM.Collect$$libinit$$00000000) refers (Special) to libinit2.o(.ARM.Collect$$libinit$$00000006) for __rt_lib_init_heap_1
    libinit.o(.ARM.Collect$$libinit$$00000000) refers (Special) to libinit2.o(.ARM.Collect$$libinit$$0000000D) for __rt_lib_init_lc_collate_1
    libinit.o(.ARM.Collect$$libinit$$00000000) refers (Special) to libinit2.o(.ARM.Collect$$libinit$$0000000F) for __rt_lib_init_lc_ctype_1
    libinit.o(.ARM.Collect$$libinit$$00000000) refers (Special) to libinit2.o(.ARM.Collect$$libinit$$00000011) for __rt_lib_init_lc_monetary_1
    libinit.o(.ARM.Collect$$libinit$$00000000) refers (Special) to libinit2.o(.ARM.Collect$$libinit$$00000013) for __rt_lib_init_lc_numeric_1
    libinit.o(.ARM.Collect$$libinit$$00000000) refers (Special) to libinit2.o(.ARM.Collect$$libinit$$00000015) for __rt_lib_init_lc_time_1
    libinit.o(.ARM.Collect$$libinit$$00000000) refers (Special) to libinit2.o(.ARM.Collect$$libinit$$0000000A) for __rt_lib_init_rand_1
    libinit.o(.ARM.Collect$$libinit$$00000000) refers (Special) to libinit2.o(.ARM.Collect$$libinit$$0000002F) for __rt_lib_init_return
    libinit.o(.ARM.Collect$$libinit$$00000000) refers (Special) to libinit2.o(.ARM.Collect$$libinit$$00000019) for __rt_lib_init_signal_1
    libinit.o(.ARM.Collect$$libinit$$00000000) refers (Special) to libinit2.o(.ARM.Collect$$libinit$$00000021) for __rt_lib_init_stdio_1
    libinit.o(.ARM.Collect$$libinit$$00000000) refers (Special) to libinit2.o(.ARM.Collect$$libinit$$00000008) for __rt_lib_init_user_alloc_1
    libinit.o(.ARM.Collect$$libinit$$00000000) refers to fpinit.o(x$fpl$fpinit) for _fp_init
    libspace.o(.text) refers to libspace.o(.bss) for __libspace_start
    rtexit.o(.ARM.Collect$$rtexit$$00000000) refers (Special) to rtexit2.o(.ARM.Collect$$rtexit$$00000004) for __rt_exit_exit
    rtexit.o(.ARM.Collect$$rtexit$$00000000) refers (Special) to rtexit2.o(.ARM.Collect$$rtexit$$00000003) for __rt_exit_ls
    rtexit.o(.ARM.Collect$$rtexit$$00000000) refers (Special) to rtexit2.o(.ARM.Collect$$rtexit$$00000002) for __rt_exit_prels_1
    rtexit.o(.ARM.exidx) refers (Special) to rtexit2.o(.ARM.Collect$$rtexit$$00000004) for __rt_exit_exit
    rtexit.o(.ARM.exidx) refers (Special) to rtexit2.o(.ARM.Collect$$rtexit$$00000003) for __rt_exit_ls
    rtexit.o(.ARM.exidx) refers (Special) to rtexit2.o(.ARM.Collect$$rtexit$$00000002) for __rt_exit_prels_1
    rtexit.o(.ARM.exidx) refers to rtexit.o(.ARM.Collect$$rtexit$$00000000) for .ARM.Collect$$rtexit$$00000000
    rt_raise.o(.text) refers to __raise.o(.text) for __raise
    rt_raise.o(.text) refers to sys_exit.o(.text) for _sys_exit
    defsig_exit.o(.text) refers to sys_exit.o(.text) for _sys_exit
    defsig_fpe_inner.o(.text) refers to defsig_general.o(.text) for __default_signal_display
    libinit2.o(.ARM.Collect$$libinit$$0000000C) refers to libinit2.o(.ARM.Collect$$libinit$$0000000B) for .ARM.Collect$$libinit$$0000000B
    libinit2.o(.ARM.Collect$$libinit$$0000000E) refers to libinit2.o(.ARM.Collect$$libinit$$0000000B) for .ARM.Collect$$libinit$$0000000B
    libinit2.o(.ARM.Collect$$libinit$$00000010) refers to libinit2.o(.ARM.Collect$$libinit$$0000000B) for .ARM.Collect$$libinit$$0000000B
    libinit2.o(.ARM.Collect$$libinit$$00000012) refers to libinit2.o(.ARM.Collect$$libinit$$0000000B) for .ARM.Collect$$libinit$$0000000B
    libinit2.o(.ARM.Collect$$libinit$$00000014) refers to libinit2.o(.ARM.Collect$$libinit$$0000000B) for .ARM.Collect$$libinit$$0000000B
    libinit2.o(.ARM.Collect$$libinit$$00000022) refers to argv_veneer.o(.emb_text) for __ARM_argv_veneer
    libinit2.o(.ARM.Collect$$libinit$$00000023) refers to argv_veneer.o(.emb_text) for __ARM_argv_veneer
    fpinit.o(x$fpl$fpinit) refers to rt_fp_status_addr_intlibspace.o(.text) for __rt_fp_status_addr
    sys_exit.o(.text) refers (Special) to use_no_semi.o(.text) for __I$use$semihosting
    rtexit2.o(.ARM.Collect$$rtexit$$00000003) refers to libshutdown.o(.ARM.Collect$$libshutdown$$00000000) for __rt_lib_shutdown
    rtexit2.o(.ARM.Collect$$rtexit$$00000004) refers to sys_exit.o(.text) for _sys_exit
    rtexit2.o(.ARM.exidx) refers to rtexit2.o(.ARM.Collect$$rtexit$$00000001) for .ARM.Collect$$rtexit$$00000001
    rtexit2.o(.ARM.exidx) refers to rtexit2.o(.ARM.Collect$$rtexit$$00000002) for .ARM.Collect$$rtexit$$00000002
    rtexit2.o(.ARM.exidx) refers to rtexit2.o(.ARM.Collect$$rtexit$$00000003) for .ARM.Collect$$rtexit$$00000003
    rtexit2.o(.ARM.exidx) refers to rtexit2.o(.ARM.Collect$$rtexit$$00000004) for .ARM.Collect$$rtexit$$00000004
    rt_fp_status_addr.o(.text) refers to rt_fp_status_addr.o(.bss) for __rt_fp_status_addr_data
    rt_fp_status_addr_intlibspace.o(.text) refers to libspace.o(.bss) for __libspace_start
    __raise.o(.text) refers to __raise.o(i.__ARM_common_call_via_r2) for __ARM_common_call_via_r2
    __raise.o(.text) refers to defsig.o(CL$$defsig) for __default_signal_handler
    defsig_general.o(.text) refers to sys_wrch.o(.text) for _ttywrch
    argv_veneer.o(.emb_text) refers to no_argv.o(.text) for __ARM_get_argv
    sys_wrch.o(.text) refers (Special) to use_no_semi.o(.text) for __I$use$semihosting
    defsig.o(CL$$defsig) refers to defsig_fpe_inner.o(.text) for __rt_SIGFPE_inner
    defsig.o(CL$$defsig) refers to defsig_rtmem_inner.o(.text) for __rt_SIGRTMEM_inner
    _get_argv_nomalloc.o(.text) refers (Special) to hrguard.o(.text) for __heap_region$guard
    _get_argv_nomalloc.o(.text) refers to defsig_rtmem_outer.o(.text) for __rt_SIGRTMEM
    _get_argv_nomalloc.o(.text) refers to sys_command.o(.text) for _sys_command_string
    libshutdown.o(.ARM.Collect$$libshutdown$$00000000) refers (Special) to libshutdown2.o(.ARM.Collect$$libshutdown$$00000006) for __rt_lib_shutdown_fp_trap_1
    libshutdown.o(.ARM.Collect$$libshutdown$$00000000) refers (Special) to libshutdown2.o(.ARM.Collect$$libshutdown$$0000000E) for __rt_lib_shutdown_heap_1
    libshutdown.o(.ARM.Collect$$libshutdown$$00000000) refers (Special) to libshutdown2.o(.ARM.Collect$$libshutdown$$0000000F) for __rt_lib_shutdown_return
    libshutdown.o(.ARM.Collect$$libshutdown$$00000000) refers (Special) to libshutdown2.o(.ARM.Collect$$libshutdown$$00000009) for __rt_lib_shutdown_signal_1
    libshutdown.o(.ARM.Collect$$libshutdown$$00000000) refers (Special) to libshutdown2.o(.ARM.Collect$$libshutdown$$00000003) for __rt_lib_shutdown_stdio_1
    libshutdown.o(.ARM.Collect$$libshutdown$$00000000) refers (Special) to libshutdown2.o(.ARM.Collect$$libshutdown$$0000000B) for __rt_lib_shutdown_user_alloc_1
    sys_command.o(.text) refers (Special) to use_no_semi.o(.text) for __I$use$semihosting
    defsig_abrt_inner.o(.text) refers to defsig_general.o(.text) for __default_signal_display
    defsig_rtred_inner.o(.text) refers to defsig_general.o(.text) for __default_signal_display
    defsig_rtmem_inner.o(.text) refers to defsig_general.o(.text) for __default_signal_display
    defsig_rtmem_outer.o(.text) refers to defsig_rtmem_inner.o(.text) for __rt_SIGRTMEM_inner
    defsig_rtmem_outer.o(.text) refers to defsig_exit.o(.text) for __sig_exit
    defsig_rtmem_formal.o(.text) refers to rt_raise.o(.text) for __rt_raise
    defsig_stak_inner.o(.text) refers to defsig_general.o(.text) for __default_signal_display
    defsig_pvfn_inner.o(.text) refers to defsig_general.o(.text) for __default_signal_display
    defsig_cppl_inner.o(.text) refers to defsig_general.o(.text) for __default_signal_display
    defsig_segv_inner.o(.text) refers to defsig_general.o(.text) for __default_signal_display
    defsig_other.o(.text) refers to defsig_general.o(.text) for __default_signal_display


==============================================================================

Adding Veneers to the image

    Adding AT veneer (8 bytes, Inline) for call to '__rt_lib_init' from rtentry2.o(.ARM.Collect$$rtentry$$0000000A).
    Adding AT veneer (8 bytes, Inline) for call to '__rt_lib_shutdown' from rtexit2.o(.ARM.Collect$$rtexit$$00000003).
    Adding TA veneer (4 bytes, Inline) for call to '__rt_exit' from exit.o(.text).
    Adding AT veneer (8 bytes, Inline) for call to 'strstr' from esp01.o(.text).
    Adding AT veneer (8 bytes, Inline) for call to 'strrchr' from esp01.o(.text).
    Adding AT veneer (8 bytes, Inline) for call to '_sys_exit' from rtexit2.o(.ARM.Collect$$rtexit$$00000004).
    Adding TA veneer (4 bytes, Inline) for call to '_fp_init' from libinit.o(.ARM.Collect$$libinit$$00000000).

7 Veneer(s) (total 48 bytes) added to the image.

==============================================================================

Image Symbol Table

    Local Symbols

    Symbol Name                              Value     Ov Type        Size  Object(Section)

    RESET                                    0x00000000   Section      272  startup.o(RESET)
    ../../angel/boardlib.s                   0x00000000   Number         0  boardinit1.o ABSOLUTE
    ../../angel/boardlib.s                   0x00000000   Number         0  boardshut.o ABSOLUTE
    ../../angel/boardlib.s                   0x00000000   Number         0  boardinit2.o ABSOLUTE
    ../../angel/boardlib.s                   0x00000000   Number         0  boardinit3.o ABSOLUTE
    ../../angel/dczerorl.s                   0x00000000   Number         0  __dczerorl.o ABSOLUTE
    ../../angel/handlers.s                   0x00000000   Number         0  __scatter_zi.o ABSOLUTE
    ../../angel/kernel.s                     0x00000000   Number         0  rtentry4.o ABSOLUTE
    ../../angel/kernel.s                     0x00000000   Number         0  rtentry2.o ABSOLUTE
    ../../angel/kernel.s                     0x00000000   Number         0  rtexit.o ABSOLUTE
    ../../angel/kernel.s                     0x00000000   Number         0  rtexit2.o ABSOLUTE
    ../../angel/kernel.s                     0x00000000   Number         0  rtentry.o ABSOLUTE
    ../../angel/rt.s                         0x00000000   Number         0  aeabi_idiv0_sigfpe.o ABSOLUTE
    ../../angel/rt.s                         0x00000000   Number         0  rt_fp_status_addr_intlibspace.o ABSOLUTE
    ../../angel/rt.s                         0x00000000   Number         0  rt_raise.o ABSOLUTE
    ../../angel/rt.s                         0x00000000   Number         0  aeabi_idiv0.o ABSOLUTE
    ../../angel/rt.s                         0x00000000   Number         0  rt_fp_status_addr.o ABSOLUTE
    ../../angel/rt.s                         0x00000000   Number         0  rt_div0.o ABSOLUTE
    ../../angel/scatter.s                    0x00000000   Number         0  __scatter.o ABSOLUTE
    ../../angel/startup.s                    0x00000000   Number         0  __main.o ABSOLUTE
    ../../angel/sys.s                        0x00000000   Number         0  sys_stackheap_outer.o ABSOLUTE
    ../../angel/sys.s                        0x00000000   Number         0  use_no_semi.o ABSOLUTE
    ../../angel/sys.s                        0x00000000   Number         0  libspace.o ABSOLUTE
    ../../angel/sysapp.c                     0x00000000   Number         0  sys_exit.o ABSOLUTE
    ../../angel/sysapp.c                     0x00000000   Number         0  sys_command.o ABSOLUTE
    ../../angel/sysapp.c                     0x00000000   Number         0  sys_wrch.o ABSOLUTE
    ../../armsys.c                           0x00000000   Number         0  no_argv.o ABSOLUTE
    ../../armsys.c                           0x00000000   Number         0  _get_argv_nomalloc.o ABSOLUTE
    ../../armsys.c                           0x00000000   Number         0  argv_veneer.o ABSOLUTE
    ../../armsys.c                           0x00000000   Number         0  argv_veneer.o ABSOLUTE
    ../../dcmpi.s                            0x00000000   Number         0  dcmpi.o ABSOLUTE
    ../../division.s                         0x00000000   Number         0  aeabi_sdiv_div0.o ABSOLUTE
    ../../division.s                         0x00000000   Number         0  aeabi_sdiv.o ABSOLUTE
    ../../divrt.s                            0x00000000   Number         0  divrt_7tdmi.o ABSOLUTE
    ../../divrt.s                            0x00000000   Number         0  divrt_7tdmi_div0.o ABSOLUTE
    ../../dleqf.s                            0x00000000   Number         0  dleqf.o ABSOLUTE
    ../../dnaninf.s                          0x00000000   Number         0  dnaninf.o ABSOLUTE
    ../../dretinf.s                          0x00000000   Number         0  dretinf.o ABSOLUTE
    ../../f2d.s                              0x00000000   Number         0  f2d.o ABSOLUTE
    ../../faddsub.s                          0x00000000   Number         0  faddsub_noclz.o ABSOLUTE
    ../../ffix.s                             0x00000000   Number         0  ffix.o ABSOLUTE
    ../../ffixu.s                            0x00000000   Number         0  ffixu.o ABSOLUTE
    ../../fflt.s                             0x00000000   Number         0  fflt_noclz.o ABSOLUTE
    ../../fmul.s                             0x00000000   Number         0  fmul.o ABSOLUTE
    ../../fnaninf.s                          0x00000000   Number         0  fnaninf.o ABSOLUTE
    ../../fpinit.s                           0x00000000   Number         0  fpinit.o ABSOLUTE
    ../../fretinf.s                          0x00000000   Number         0  fretinf.o ABSOLUTE
    ../../heapalloc.c                        0x00000000   Number         0  hrguard.o ABSOLUTE
    ../../heapaux.c                          0x00000000   Number         0  heapauxi.o ABSOLUTE
    ../../libinit.s                          0x00000000   Number         0  libshutdown2.o ABSOLUTE
    ../../libinit.s                          0x00000000   Number         0  libshutdown.o ABSOLUTE
    ../../libinit.s                          0x00000000   Number         0  libinit2.o ABSOLUTE
    ../../libinit.s                          0x00000000   Number         0  libinit.o ABSOLUTE
    ../../memcpset.s                         0x00000000   Number         0  rt_memclr.o ABSOLUTE
    ../../memcpset.s                         0x00000000   Number         0  rt_memclr_w.o ABSOLUTE
    ../../signal.c                           0x00000000   Number         0  defsig_general.o ABSOLUTE
    ../../signal.c                           0x00000000   Number         0  __raise.o ABSOLUTE
    ../../signal.c                           0x00000000   Number         0  defsig_fpe_inner.o ABSOLUTE
    ../../signal.c                           0x00000000   Number         0  defsig_exit.o ABSOLUTE
    ../../signal.c                           0x00000000   Number         0  defsig_fpe_formal.o ABSOLUTE
    ../../signal.c                           0x00000000   Number         0  defsig_fpe_outer.o ABSOLUTE
    ../../signal.c                           0x00000000   Number         0  defsig_other.o ABSOLUTE
    ../../signal.c                           0x00000000   Number         0  defsig_segv_inner.o ABSOLUTE
    ../../signal.c                           0x00000000   Number         0  defsig_cppl_inner.o ABSOLUTE
    ../../signal.c                           0x00000000   Number         0  defsig_pvfn_inner.o ABSOLUTE
    ../../signal.c                           0x00000000   Number         0  defsig_rtmem_formal.o ABSOLUTE
    ../../signal.c                           0x00000000   Number         0  defsig_rtmem_outer.o ABSOLUTE
    ../../signal.c                           0x00000000   Number         0  defsig_rtmem_inner.o ABSOLUTE
    ../../signal.c                           0x00000000   Number         0  defsig_rtred_inner.o ABSOLUTE
    ../../signal.c                           0x00000000   Number         0  defsig_abrt_inner.o ABSOLUTE
    ../../signal.c                           0x00000000   Number         0  defsig_stak_inner.o ABSOLUTE
    ../../signal.s                           0x00000000   Number         0  defsig.o ABSOLUTE
    ../../stdlib.c                           0x00000000   Number         0  exit.o ABSOLUTE
    ../../string.c                           0x00000000   Number         0  strrchr.o ABSOLUTE
    ../../string.c                           0x00000000   Number         0  strstr.o ABSOLUTE
    ../../usenofp.s                          0x00000000   Number         0  usenofp.o ABSOLUTE
    ..\delay.c                               0x00000000   Number         0  delay.o ABSOLUTE
    ..\i2c.c                                 0x00000000   Number         0  i2c.o ABSOLUTE
    ..\lcd.c                                 0x00000000   Number         0  lcd.o ABSOLUTE
    Edit_Fun.c                               0x00000000   Number         0  edit_fun.o ABSOLUTE
    LPC2148_DHT11_LCD\dht11.c                0x00000000   Number         0  dht11.o ABSOLUTE
    Startup.s                                0x00000000   Number         0  startup.o ABSOLUTE
    dc.s                                     0x00000000   Number         0  dc.o ABSOLUTE
    esp01.c                                  0x00000000   Number         0  esp01.o ABSOLUTE
    i2c_eeprom.c                             0x00000000   Number         0  i2c_eeprom.o ABSOLUTE
    kpm.c                                    0x00000000   Number         0  kpm.o ABSOLUTE
    main.c                                   0x00000000   Number         0  main.o ABSOLUTE
    uart0.c                                  0x00000000   Number         0  uart0.o ABSOLUTE
    Undef_Handler                            0x00000040   ARM Code       4  startup.o(RESET)
    SWI_Handler                              0x00000044   ARM Code       4  startup.o(RESET)
    PAbt_Handler                             0x00000048   ARM Code       4  startup.o(RESET)
    DAbt_Handler                             0x0000004c   ARM Code       4  startup.o(RESET)
    IRQ_Handler                              0x00000050   ARM Code       4  startup.o(RESET)
    FIQ_Handler                              0x00000054   ARM Code       4  startup.o(RESET)
    !!!main                                  0x00000110   Section        8  __main.o(!!!main)
    !!!scatter                               0x00000118   Section       60  __scatter.o(!!!scatter)
    !!dczerorl                               0x00000154   Section       68  __dczerorl.o(!!dczerorl)
    !!handler_zi                             0x00000198   Section       44  __scatter_zi.o(!!handler_zi)
    .ARM.Collect$$libinit$$00000000          0x000001cc   Section        6  libinit.o(.ARM.Collect$$libinit$$00000000)
    .ARM.Collect$$libinit$$00000006          0x000001d2   Section        0  libinit2.o(.ARM.Collect$$libinit$$00000006)
    .ARM.Collect$$libinit$$00000008          0x000001d2   Section        0  libinit2.o(.ARM.Collect$$libinit$$00000008)
    .ARM.Collect$$libinit$$0000000A          0x000001d2   Section        0  libinit2.o(.ARM.Collect$$libinit$$0000000A)
    .ARM.Collect$$libinit$$0000000D          0x000001d2   Section        0  libinit2.o(.ARM.Collect$$libinit$$0000000D)
    .ARM.Collect$$libinit$$0000000F          0x000001d2   Section        0  libinit2.o(.ARM.Collect$$libinit$$0000000F)
    .ARM.Collect$$libinit$$00000011          0x000001d2   Section        0  libinit2.o(.ARM.Collect$$libinit$$00000011)
    .ARM.Collect$$libinit$$00000013          0x000001d2   Section        0  libinit2.o(.ARM.Collect$$libinit$$00000013)
    .ARM.Collect$$libinit$$00000015          0x000001d2   Section        0  libinit2.o(.ARM.Collect$$libinit$$00000015)
    .ARM.Collect$$libinit$$00000017          0x000001d2   Section        0  libinit2.o(.ARM.Collect$$libinit$$00000017)
    .ARM.Collect$$libinit$$00000019          0x000001d2   Section        0  libinit2.o(.ARM.Collect$$libinit$$00000019)
    .ARM.Collect$$libinit$$0000001B          0x000001d2   Section        0  libinit2.o(.ARM.Collect$$libinit$$0000001B)
    .ARM.Collect$$libinit$$0000001D          0x000001d2   Section        0  libinit2.o(.ARM.Collect$$libinit$$0000001D)
    .ARM.Collect$$libinit$$0000001F          0x000001d2   Section        0  libinit2.o(.ARM.Collect$$libinit$$0000001F)
    .ARM.Collect$$libinit$$00000021          0x000001d2   Section        0  libinit2.o(.ARM.Collect$$libinit$$00000021)
    .ARM.Collect$$libinit$$00000028          0x000001d2   Section        0  libinit2.o(.ARM.Collect$$libinit$$00000028)
    .ARM.Collect$$libinit$$0000002A          0x000001d2   Section        0  libinit2.o(.ARM.Collect$$libinit$$0000002A)
    .ARM.Collect$$libinit$$0000002C          0x000001d2   Section        0  libinit2.o(.ARM.Collect$$libinit$$0000002C)
    .ARM.Collect$$libinit$$0000002E          0x000001d2   Section        0  libinit2.o(.ARM.Collect$$libinit$$0000002E)
    .ARM.Collect$$libinit$$0000002F          0x000001d2   Section       12  libinit2.o(.ARM.Collect$$libinit$$0000002F)
    .ARM.Collect$$libshutdown$$00000000      0x000001e8   Section        4  libshutdown.o(.ARM.Collect$$libshutdown$$00000000)
    .ARM.Collect$$libshutdown$$00000003      0x000001ec   Section        0  libshutdown2.o(.ARM.Collect$$libshutdown$$00000003)
    .ARM.Collect$$libshutdown$$00000006      0x000001ec   Section        0  libshutdown2.o(.ARM.Collect$$libshutdown$$00000006)
    .ARM.Collect$$libshutdown$$00000009      0x000001ec   Section        0  libshutdown2.o(.ARM.Collect$$libshutdown$$00000009)
    .ARM.Collect$$libshutdown$$0000000B      0x000001ec   Section        0  libshutdown2.o(.ARM.Collect$$libshutdown$$0000000B)
    .ARM.Collect$$libshutdown$$0000000E      0x000001ec   Section        0  libshutdown2.o(.ARM.Collect$$libshutdown$$0000000E)
    .ARM.Collect$$libshutdown$$0000000F      0x000001ec   Section        6  libshutdown2.o(.ARM.Collect$$libshutdown$$0000000F)
    .ARM.Collect$$rtentry$$00000000          0x000001f4   Section        0  rtentry.o(.ARM.Collect$$rtentry$$00000000)
    .ARM.Collect$$rtentry$$00000002          0x000001f4   Section        0  rtentry2.o(.ARM.Collect$$rtentry$$00000002)
    .ARM.Collect$$rtentry$$00000004          0x000001f4   Section        8  rtentry4.o(.ARM.Collect$$rtentry$$00000004)
    .ARM.Collect$$rtentry$$00000009          0x000001fc   Section        0  rtentry2.o(.ARM.Collect$$rtentry$$00000009)
    .ARM.Collect$$rtentry$$0000000A          0x000001fc   Section        4  rtentry2.o(.ARM.Collect$$rtentry$$0000000A)
    .ARM.Collect$$rtentry$$0000000C          0x00000200   Section        0  rtentry2.o(.ARM.Collect$$rtentry$$0000000C)
    .ARM.Collect$$rtentry$$0000000D          0x00000200   Section       40  rtentry2.o(.ARM.Collect$$rtentry$$0000000D)
    .ARM.Collect$$rtexit$$00000000           0x0000022c   Section        4  rtexit.o(.ARM.Collect$$rtexit$$00000000)
    .ARM.Collect$$rtexit$$00000002           0x00000230   Section        0  rtexit2.o(.ARM.Collect$$rtexit$$00000002)
    .ARM.Collect$$rtexit$$00000003           0x00000230   Section        4  rtexit2.o(.ARM.Collect$$rtexit$$00000003)
    .ARM.Collect$$rtexit$$00000004           0x00000234   Section        8  rtexit2.o(.ARM.Collect$$rtexit$$00000004)
    .text                                    0x0000023c   Section       32  startup.o(.text)
    .text                                    0x0000025c   Section        0  lcd.o(.text)
    .text                                    0x00000548   Section        0  delay.o(.text)
    .text                                    0x000005a4   Section        0  main.o(.text)
    .text                                    0x00000d24   Section        0  kpm.o(.text)
    .text                                    0x00000f04   Section        0  dht11.o(.text)
    .text                                    0x0000104c   Section        0  edit_fun.o(.text)
    .text                                    0x000017a8   Section        0  i2c.o(.text)
    .text                                    0x00001914   Section        0  esp01.o(.text)
    .text                                    0x00002518   Section        0  uart0.o(.text)
    .text                                    0x0000276c   Section        0  i2c_eeprom.o(.text)
    .text                                    0x000028f0   Section        0  strstr.o(.text)
    .text                                    0x00002924   Section        0  strrchr.o(.text)
    .text                                    0x0000293c   Section       64  rt_memclr.o(.text)
    .text                                    0x0000297c   Section      384  aeabi_sdiv.o(.text)
    __arm_div8                               0x000029a8   ARM Code       0  aeabi_sdiv.o(.text)
    __arm_div5                               0x000029cc   ARM Code       0  aeabi_sdiv.o(.text)
    __arm_div2                               0x000029f0   ARM Code       0  aeabi_sdiv.o(.text)
    __arm_div_large                          0x00002a2c   ARM Code       0  aeabi_sdiv.o(.text)
    .text                                    0x00002afc   Section        0  heapauxi.o(.text)
    .text                                    0x00002b04   Section       84  rt_memclr_w.o(.text)
    .text                                    0x00002b58   Section       96  sys_stackheap_outer.o(.text)
    .text                                    0x00002bb8   Section        0  exit.o(.text)
    .text                                    0x00002bc4   Section       12  libspace.o(.text)
    .text                                    0x00002bd8   Section        0  sys_exit.o(.text)
    .text                                    0x00002be4   Section       16  rt_fp_status_addr_intlibspace.o(.text)
    .text                                    0x00002bf4   Section        4  use_no_semi.o(.text)
    .text_udiv                               0x00002bf8   Section       36  aeabi_sdiv.o(.text_udiv)
    x$fpl$dcmpinf                            0x00002c1c   Section       28  dcmpi.o(x$fpl$dcmpinf)
    x$fpl$dleqf                              0x00002c38   Section      148  dleqf.o(x$fpl$dleqf)
    x$fpl$dnaninf                            0x00002ccc   Section      192  dnaninf.o(x$fpl$dnaninf)
    x$fpl$dretinf                            0x00002d8c   Section       16  dretinf.o(x$fpl$dretinf)
    x$fpl$f2d                                0x00002d9c   Section      100  f2d.o(x$fpl$f2d)
    x$fpl$fadd                               0x00002e00   Section      196  faddsub_noclz.o(x$fpl$fadd)
    _fadd1                                   0x00002e0c   ARM Code       0  faddsub_noclz.o(x$fpl$fadd)
    x$fpl$ffix                               0x00002ec4   Section       68  ffix.o(x$fpl$ffix)
    x$fpl$ffixu                              0x00002f08   Section       84  ffixu.o(x$fpl$ffixu)
    x$fpl$fflt                               0x00002f5c   Section       92  fflt_noclz.o(x$fpl$fflt)
    x$fpl$ffltu                              0x00002fb8   Section        8  fflt_noclz.o(x$fpl$ffltu)
    x$fpl$fmul                               0x00002fc0   Section      256  fmul.o(x$fpl$fmul)
    x$fpl$fnaninf                            0x000030c0   Section      168  fnaninf.o(x$fpl$fnaninf)
    x$fpl$fpinit                             0x0000316c   Section       24  fpinit.o(x$fpl$fpinit)
    x$fpl$fretinf                            0x00003184   Section       16  fretinf.o(x$fpl$fretinf)
    x$fpl$frsb                               0x00003194   Section       20  faddsub_noclz.o(x$fpl$frsb)
    x$fpl$fsub                               0x000031a8   Section      304  faddsub_noclz.o(x$fpl$fsub)
    _fsub1                                   0x000031b4   ARM Code       0  faddsub_noclz.o(x$fpl$fsub)
    .constdata                               0x000032d8   Section       75  esp01.o(.constdata)
    x$fpl$usenofp                            0x000032d8   Section        0  usenofp.o(x$fpl$usenofp)
    .data                                    0x40000000   Section       24  main.o(.data)
    .data                                    0x40000018   Section       16  kpm.o(.data)
    .data                                    0x40000028   Section      304  uart0.o(.data)
    .bss                                     0x40000158   Section       96  libspace.o(.bss)
    HEAP                                     0x400001b8   Section        0  startup.o(HEAP)
    STACK                                    0x400001b8   Section     1160  startup.o(STACK)
    Heap_Mem                                 0x400001b8   Data           0  startup.o(HEAP)
    Stack_Mem                                0x400001b8   Data        1024  startup.o(STACK)
    Stack_Top                                0x40000640   Data           0  startup.o(STACK)

    Global Symbols

    Symbol Name                              Value     Ov Type        Size  Object(Section)

    BuildAttributes$$THM_ISAv1$ARM_ISAv4$S$PE$A:L22$X:L11$S22$IEEE1$IW$USESV6$~STKCKD$USESV7$~SHL$OSPACE$ROPI$EBA8$UX$STANDARDLIB$REQ8$PRES8$EABIv2 0x00000000   Number         0  anon$$obj.o ABSOLUTE
    __ARM_use_no_argv                        0x00000000   Number         0  main.o ABSOLUTE
    __ARM_exceptions_init                     - Undefined Weak Reference
    __alloca_initialize                       - Undefined Weak Reference
    __cpp_initialize__aeabi_                  - Undefined Weak Reference
    __cxa_finalize                            - Undefined Weak Reference
    __rt_locale                               - Undefined Weak Reference
    __sigvec_lookup                           - Undefined Weak Reference
    _atexit_init                              - Undefined Weak Reference
    _call_atexit_fns                          - Undefined Weak Reference
    _clock_init                               - Undefined Weak Reference
    _fp_trap_init                             - Undefined Weak Reference
    _fp_trap_shutdown                         - Undefined Weak Reference
    _get_lc_collate                           - Undefined Weak Reference
    _get_lc_ctype                             - Undefined Weak Reference
    _get_lc_monetary                          - Undefined Weak Reference
    _get_lc_numeric                           - Undefined Weak Reference
    _get_lc_time                              - Undefined Weak Reference
    _getenv_init                              - Undefined Weak Reference
    _handle_redirection                       - Undefined Weak Reference
    _init_alloc                               - Undefined Weak Reference
    _init_user_alloc                          - Undefined Weak Reference
    _initio                                   - Undefined Weak Reference
    _rand_init                                - Undefined Weak Reference
    _signal_finish                            - Undefined Weak Reference
    _signal_init                              - Undefined Weak Reference
    _terminate_alloc                          - Undefined Weak Reference
    _terminate_user_alloc                     - Undefined Weak Reference
    _terminateio                              - Undefined Weak Reference
    Reset_Handler                            0x00000058   ARM Code       0  startup.o(RESET)
    __main                                   0x00000110   ARM Code       8  __main.o(!!!main)
    __scatterload                            0x00000118   ARM Code       0  __scatter.o(!!!scatter)
    __scatterload_rt2                        0x00000118   ARM Code      52  __scatter.o(!!!scatter)
    __scatterload_null                       0x0000012c   ARM Code       0  __scatter.o(!!!scatter)
    __decompress                             0x00000154   ARM Code      68  __dczerorl.o(!!dczerorl)
    __decompress0                            0x00000154   ARM Code       0  __dczerorl.o(!!dczerorl)
    __scatterload_zeroinit                   0x00000198   ARM Code      44  __scatter_zi.o(!!handler_zi)
    Inline ARM to Thumb Veneer to __rt_lib_init 0x000001c4   ARM Code       8  libinit.o(.ARM.Collect$$libinit$$00000000)
    __rt_lib_init                            0x000001cd   Thumb Code     0  libinit.o(.ARM.Collect$$libinit$$00000000)
    __rt_lib_init_alloca_1                   0x000001d3   Thumb Code     0  libinit2.o(.ARM.Collect$$libinit$$0000002A)
    __rt_lib_init_argv_1                     0x000001d3   Thumb Code     0  libinit2.o(.ARM.Collect$$libinit$$00000028)
    __rt_lib_init_atexit_1                   0x000001d3   Thumb Code     0  libinit2.o(.ARM.Collect$$libinit$$00000017)
    __rt_lib_init_clock_1                    0x000001d3   Thumb Code     0  libinit2.o(.ARM.Collect$$libinit$$0000001D)
    __rt_lib_init_cpp_1                      0x000001d3   Thumb Code     0  libinit2.o(.ARM.Collect$$libinit$$0000002E)
    __rt_lib_init_exceptions_1               0x000001d3   Thumb Code     0  libinit2.o(.ARM.Collect$$libinit$$0000002C)
    __rt_lib_init_fp_trap_1                  0x000001d3   Thumb Code     0  libinit2.o(.ARM.Collect$$libinit$$0000001B)
    __rt_lib_init_getenv_1                   0x000001d3   Thumb Code     0  libinit2.o(.ARM.Collect$$libinit$$0000001F)
    __rt_lib_init_heap_1                     0x000001d3   Thumb Code     0  libinit2.o(.ARM.Collect$$libinit$$00000006)
    __rt_lib_init_lc_collate_1               0x000001d3   Thumb Code     0  libinit2.o(.ARM.Collect$$libinit$$0000000D)
    __rt_lib_init_lc_ctype_1                 0x000001d3   Thumb Code     0  libinit2.o(.ARM.Collect$$libinit$$0000000F)
    __rt_lib_init_lc_monetary_1              0x000001d3   Thumb Code     0  libinit2.o(.ARM.Collect$$libinit$$00000011)
    __rt_lib_init_lc_numeric_1               0x000001d3   Thumb Code     0  libinit2.o(.ARM.Collect$$libinit$$00000013)
    __rt_lib_init_lc_time_1                  0x000001d3   Thumb Code     0  libinit2.o(.ARM.Collect$$libinit$$00000015)
    __rt_lib_init_rand_1                     0x000001d3   Thumb Code     0  libinit2.o(.ARM.Collect$$libinit$$0000000A)
    __rt_lib_init_return                     0x000001d3   Thumb Code     0  libinit2.o(.ARM.Collect$$libinit$$0000002F)
    __rt_lib_init_signal_1                   0x000001d3   Thumb Code     0  libinit2.o(.ARM.Collect$$libinit$$00000019)
    __rt_lib_init_stdio_1                    0x000001d3   Thumb Code     0  libinit2.o(.ARM.Collect$$libinit$$00000021)
    __rt_lib_init_user_alloc_1               0x000001d3   Thumb Code     0  libinit2.o(.ARM.Collect$$libinit$$00000008)
    Inline ARM to Thumb Veneer to __rt_lib_shutdown 0x000001e0   ARM Code       8  libshutdown.o(.ARM.Collect$$libshutdown$$00000000)
    __rt_lib_shutdown                        0x000001e9   Thumb Code     0  libshutdown.o(.ARM.Collect$$libshutdown$$00000000)
    __rt_lib_shutdown_fp_trap_1              0x000001ed   Thumb Code     0  libshutdown2.o(.ARM.Collect$$libshutdown$$00000006)
    __rt_lib_shutdown_heap_1                 0x000001ed   Thumb Code     0  libshutdown2.o(.ARM.Collect$$libshutdown$$0000000E)
    __rt_lib_shutdown_return                 0x000001ed   Thumb Code     0  libshutdown2.o(.ARM.Collect$$libshutdown$$0000000F)
    __rt_lib_shutdown_signal_1               0x000001ed   Thumb Code     0  libshutdown2.o(.ARM.Collect$$libshutdown$$00000009)
    __rt_lib_shutdown_stdio_1                0x000001ed   Thumb Code     0  libshutdown2.o(.ARM.Collect$$libshutdown$$00000003)
    __rt_lib_shutdown_user_alloc_1           0x000001ed   Thumb Code     0  libshutdown2.o(.ARM.Collect$$libshutdown$$0000000B)
    __rt_entry                               0x000001f4   ARM Code       0  rtentry.o(.ARM.Collect$$rtentry$$00000000)
    __rt_entry_presh_1                       0x000001f4   ARM Code       0  rtentry2.o(.ARM.Collect$$rtentry$$00000002)
    __rt_entry_sh                            0x000001f4   ARM Code       0  rtentry4.o(.ARM.Collect$$rtentry$$00000004)
    __rt_entry_li                            0x000001fc   ARM Code       0  rtentry2.o(.ARM.Collect$$rtentry$$0000000A)
    __rt_entry_postsh_1                      0x000001fc   ARM Code       0  rtentry2.o(.ARM.Collect$$rtentry$$00000009)
    __rt_entry_main                          0x00000200   ARM Code       0  rtentry2.o(.ARM.Collect$$rtentry$$0000000D)
    __rt_entry_postli_1                      0x00000200   ARM Code       0  rtentry2.o(.ARM.Collect$$rtentry$$0000000C)
    Inline Thumb to ARM Veneer to __rt_exit  0x00000229   Thumb Code     4  rtexit.o(.ARM.Collect$$rtexit$$00000000)
    __rt_exit                                0x0000022c   ARM Code       0  rtexit.o(.ARM.Collect$$rtexit$$00000000)
    __rt_exit_ls                             0x00000230   ARM Code       0  rtexit2.o(.ARM.Collect$$rtexit$$00000003)
    __rt_exit_prels_1                        0x00000230   ARM Code       0  rtexit2.o(.ARM.Collect$$rtexit$$00000002)
    __rt_exit_exit                           0x00000234   ARM Code       0  rtexit2.o(.ARM.Collect$$rtexit$$00000004)
    __user_initial_stackheap                 0x0000023c   ARM Code       0  startup.o(.text)
    writelcd                                 0x0000025c   ARM Code      84  lcd.o(.text)
    charlcd                                  0x000002b0   ARM Code      36  lcd.o(.text)
    cmdlcd                                   0x000002d4   ARM Code      36  lcd.o(.text)
    LCD_writecustom                          0x000002f8   ARM Code      72  lcd.o(.text)
    initlcd                                  0x00000340   ARM Code     136  lcd.o(.text)
    strlcd                                   0x000003c8   ARM Code      40  lcd.o(.text)
    U32lcd                                   0x000003f0   ARM Code     128  lcd.o(.text)
    s32lcd                                   0x00000470   ARM Code      44  lcd.o(.text)
    F32lcd                                   0x0000049c   ARM Code     164  lcd.o(.text)
    delay_us                                 0x00000548   ARM Code      28  delay.o(.text)
    delay_ms                                 0x00000564   ARM Code      28  delay.o(.text)
    delay_s                                  0x00000580   ARM Code      28  delay.o(.text)
    eint0_isr                                0x000005a4   ARM Code     208  main.o(.text)
    main                                     0x00000674   ARM Code    1712  main.o(.text)
    InitKPM                                  0x00000d24   ARM Code      24  kpm.o(.text)
    ColScan                                  0x00000d3c   ARM Code      40  kpm.o(.text)
    RowCheck                                 0x00000d64   ARM Code     108  kpm.o(.text)
    ColCheck                                 0x00000dd0   ARM Code      56  kpm.o(.text)
    KeyScan                                  0x00000e08   ARM Code      60  kpm.o(.text)
    ReadNum                                  0x00000e44   ARM Code     184  kpm.o(.text)
    dht11_request                            0x00000f04   ARM Code      76  dht11.o(.text)
    dht11_response                           0x00000f50   ARM Code     104  dht11.o(.text)
    dht11_data                               0x00000fb8   ARM Code     144  dht11.o(.text)
    Edit_Time                                0x0000104c   ARM Code    1000  edit_fun.o(.text)
    Edit_SetPoint                            0x00001434   ARM Code     820  edit_fun.o(.text)
    rtc_init                                 0x00001768   ARM Code      64  edit_fun.o(.text)
    init_i2c                                 0x000017a8   ARM Code      48  i2c.o(.text)
    i2c_start                                0x000017d8   ARM Code      52  i2c.o(.text)
    i2c_restart                              0x0000180c   ARM Code      60  i2c.o(.text)
    i2c_write                                0x00001848   ARM Code      48  i2c.o(.text)
    i2c_stop                                 0x00001878   ARM Code      24  i2c.o(.text)
    i2c_nack                                 0x00001890   ARM Code      56  i2c.o(.text)
    i2c_masterack                            0x000018c8   ARM Code      68  i2c.o(.text)
    esp01_connectAP                          0x00001914   ARM Code    1220  esp01.o(.text)
    esp01_sendToThingspeak                   0x00001dd8   ARM Code     992  esp01.o(.text)
    esp01_RecevieFromThingspeak              0x000021b8   ARM Code     816  esp01.o(.text)
    UART0_isr                                0x00002518   ARM Code     132  uart0.o(.text)
    InitUART0                                0x0000259c   ARM Code      88  uart0.o(.text)
    UART0_Tx                                 0x000025f4   ARM Code      32  uart0.o(.text)
    UART0_Rx                                 0x00002614   ARM Code      32  uart0.o(.text)
    UART0_Str                                0x00002634   ARM Code      40  uart0.o(.text)
    UART0_Int                                0x0000265c   ARM Code     148  uart0.o(.text)
    UART0_Float                              0x000026f0   ARM Code     100  uart0.o(.text)
    i2c_eeprom_write                         0x0000276c   ARM Code      76  i2c_eeprom.o(.text)
    i2c_eeprom_read                          0x000027b8   ARM Code      88  i2c_eeprom.o(.text)
    i2c_eeprom_page_write                    0x00002810   ARM Code      96  i2c_eeprom.o(.text)
    i2c_eeprom_seq_read                      0x00002870   ARM Code     120  i2c_eeprom.o(.text)
    Inline ARM to Thumb Veneer to strstr     0x000028e8   ARM Code       8  strstr.o(.text)
    strstr                                   0x000028f1   Thumb Code    42  strstr.o(.text)
    Inline ARM to Thumb Veneer to strrchr    0x0000291c   ARM Code       8  strrchr.o(.text)
    strrchr                                  0x00002925   Thumb Code    24  strrchr.o(.text)
    __aeabi_memclr                           0x0000293c   ARM Code       0  rt_memclr.o(.text)
    __rt_memclr                              0x0000293c   ARM Code      64  rt_memclr.o(.text)
    _memset                                  0x00002940   ARM Code       0  rt_memclr.o(.text)
    __aeabi_idiv                             0x0000297c   ARM Code       0  aeabi_sdiv.o(.text)
    __aeabi_idivmod                          0x0000297c   ARM Code     384  aeabi_sdiv.o(.text)
    __use_two_region_memory                  0x00002afd   Thumb Code     2  heapauxi.o(.text)
    __rt_heap_escrow$2region                 0x00002aff   Thumb Code     2  heapauxi.o(.text)
    __rt_heap_expand$2region                 0x00002b01   Thumb Code     2  heapauxi.o(.text)
    __aeabi_memclr4                          0x00002b04   ARM Code       0  rt_memclr_w.o(.text)
    __aeabi_memclr8                          0x00002b04   ARM Code       0  rt_memclr_w.o(.text)
    __rt_memclr_w                            0x00002b04   ARM Code      84  rt_memclr_w.o(.text)
    _memset_w                                0x00002b08   ARM Code       0  rt_memclr_w.o(.text)
    __user_setup_stackheap                   0x00002b58   ARM Code      96  sys_stackheap_outer.o(.text)
    exit                                     0x00002bb9   Thumb Code    12  exit.o(.text)
    __user_libspace                          0x00002bc4   ARM Code      12  libspace.o(.text)
    __user_perproc_libspace                  0x00002bc4   ARM Code       0  libspace.o(.text)
    __user_perthread_libspace                0x00002bc4   ARM Code       0  libspace.o(.text)
    Inline ARM to Thumb Veneer to _sys_exit  0x00002bd0   ARM Code       8  sys_exit.o(.text)
    _sys_exit                                0x00002bd9   Thumb Code     8  sys_exit.o(.text)
    __rt_fp_status_addr                      0x00002be4   ARM Code      16  rt_fp_status_addr_intlibspace.o(.text)
    __I$use$semihosting                      0x00002bf4   ARM Code       0  use_no_semi.o(.text)
    __use_no_semihosting_swi                 0x00002bf4   ARM Code       4  use_no_semi.o(.text)
    __aeabi_uidiv                            0x00002bf8   ARM Code       0  aeabi_sdiv.o(.text_udiv)
    __aeabi_uidivmod                         0x00002bf8   ARM Code      36  aeabi_sdiv.o(.text_udiv)
    __fpl_dcmp_Inf                           0x00002c1c   ARM Code      28  dcmpi.o(x$fpl$dcmpinf)
    __aeabi_cdcmple                          0x00002c38   ARM Code       0  dleqf.o(x$fpl$dleqf)
    _dcmple                                  0x00002c38   ARM Code     148  dleqf.o(x$fpl$dleqf)
    __fpl_dcmple_InfNaN                      0x00002cb4   ARM Code       0  dleqf.o(x$fpl$dleqf)
    __fpl_dnaninf                            0x00002ccc   ARM Code     192  dnaninf.o(x$fpl$dnaninf)
    __fpl_dretinf                            0x00002d8c   ARM Code      16  dretinf.o(x$fpl$dretinf)
    __aeabi_f2d                              0x00002d9c   ARM Code       0  f2d.o(x$fpl$f2d)
    _f2d                                     0x00002d9c   ARM Code     100  f2d.o(x$fpl$f2d)
    __aeabi_fadd                             0x00002e00   ARM Code       0  faddsub_noclz.o(x$fpl$fadd)
    _fadd                                    0x00002e00   ARM Code     196  faddsub_noclz.o(x$fpl$fadd)
    __aeabi_f2iz                             0x00002ec4   ARM Code       0  ffix.o(x$fpl$ffix)
    _ffix                                    0x00002ec4   ARM Code      68  ffix.o(x$fpl$ffix)
    __aeabi_f2uiz                            0x00002f08   ARM Code       0  ffixu.o(x$fpl$ffixu)
    _ffixu                                   0x00002f08   ARM Code      84  ffixu.o(x$fpl$ffixu)
    __aeabi_i2f                              0x00002f5c   ARM Code       0  fflt_noclz.o(x$fpl$fflt)
    _fflt                                    0x00002f5c   ARM Code      92  fflt_noclz.o(x$fpl$fflt)
    __fflt_normalise                         0x00002f68   ARM Code       0  fflt_noclz.o(x$fpl$fflt)
    __aeabi_ui2f                             0x00002fb8   ARM Code       0  fflt_noclz.o(x$fpl$ffltu)
    _ffltu                                   0x00002fb8   ARM Code       8  fflt_noclz.o(x$fpl$ffltu)
    __aeabi_fmul                             0x00002fc0   ARM Code       0  fmul.o(x$fpl$fmul)
    _fmul                                    0x00002fc0   ARM Code     256  fmul.o(x$fpl$fmul)
    __fpl_fnaninf                            0x000030c0   ARM Code     168  fnaninf.o(x$fpl$fnaninf)
    Inline Thumb to ARM Veneer to _fp_init   0x00003169   Thumb Code     4  fpinit.o(x$fpl$fpinit)
    _fp_init                                 0x0000316c   ARM Code      24  fpinit.o(x$fpl$fpinit)
    __fplib_config_pureend_doubles           0x0000317c   ARM Code       0  fpinit.o(x$fpl$fpinit)
    __fpl_fretinf                            0x00003184   ARM Code      16  fretinf.o(x$fpl$fretinf)
    __aeabi_frsub                            0x00003194   ARM Code       0  faddsub_noclz.o(x$fpl$frsb)
    _frsb                                    0x00003194   ARM Code      20  faddsub_noclz.o(x$fpl$frsb)
    __aeabi_fsub                             0x000031a8   ARM Code       0  faddsub_noclz.o(x$fpl$fsub)
    _fsub                                    0x000031a8   ARM Code     304  faddsub_noclz.o(x$fpl$fsub)
    __I$use$fp                               0x000032d8   ARM Code       0  usenofp.o(x$fpl$usenofp)
    Region$$Table$$Base                      0x00003324   Number         0  anon$$obj.o(Region$$Table)
    Region$$Table$$Limit                     0x00003344   Number         0  anon$$obj.o(Region$$Table)
    SPTemp                                   0x40000000   Data           4  main.o(.data)
    SPHum                                    0x40000004   Data           4  main.o(.data)
    flag                                     0x40000008   Data           4  main.o(.data)
    count                                    0x4000000c   Data           4  main.o(.data)
    count2                                   0x40000010   Data           4  main.o(.data)
    t                                        0x40000014   Data           4  main.o(.data)
    kpmLut                                   0x40000018   Data          16  kpm.o(.data)
    buff                                     0x40000028   Data         300  uart0.o(.data)
    i                                        0x40000154   Data           1  uart0.o(.data)
    dummy                                    0x40000155   Data           1  uart0.o(.data)
    ch                                       0x40000156   Data           1  uart0.o(.data)
    r_flag                                   0x40000157   Data           1  uart0.o(.data)
    __libspace_start                         0x40000158   Data          96  libspace.o(.bss)
    __temporary_stack_top$libspace           0x400001b8   Data           0  libspace.o(.bss)



==============================================================================

Memory Map of the image

  Image Entry point : 0x00000110

  Load Region LR_IROM1 (Base: 0x00000000, Size: 0x0000349c, Max: 0x00080000, ABSOLUTE, COMPRESSED[0x00003364])

    Execution Region ER_IROM1 (Base: 0x00000000, Size: 0x00003344, Max: 0x00080000, ABSOLUTE)

    Base Addr    Size         Type   Attr      Idx    E Section Name        Object

    0x00000000   0x00000110   Code   RO            3    RESET               startup.o
    0x00000110   0x00000008   Code   RO          247  * !!!main             c_t.l(__main.o)(c_t.l)
    0x00000118   0x0000003c   Code   RO          460    !!!scatter          c_t.l(__scatter.o)(c_t.l)
    0x00000154   0x00000044   Code   RO          458    !!dczerorl          c_t.l(__dczerorl.o)(c_t.l)
    0x00000198   0x0000002c   Code   RO          462    !!handler_zi        c_t.l(__scatter_zi.o)(c_t.l)
    0x000001c4   0x00000008   Ven    RO          326    .ARM.Collect$$libinit$$00000000  c_t.l(libinit.o)(c_t.l)
    0x000001cc   0x00000006   Code   RO          326    .ARM.Collect$$libinit$$00000000  c_t.l(libinit.o)(c_t.l)
    0x000001d2   0x00000000   Code   RO          340    .ARM.Collect$$libinit$$00000006  c_t.l(libinit2.o)(c_t.l)
    0x000001d2   0x00000000   Code   RO          342    .ARM.Collect$$libinit$$00000008  c_t.l(libinit2.o)(c_t.l)
    0x000001d2   0x00000000   Code   RO          344    .ARM.Collect$$libinit$$0000000A  c_t.l(libinit2.o)(c_t.l)
    0x000001d2   0x00000000   Code   RO          347    .ARM.Collect$$libinit$$0000000D  c_t.l(libinit2.o)(c_t.l)
    0x000001d2   0x00000000   Code   RO          349    .ARM.Collect$$libinit$$0000000F  c_t.l(libinit2.o)(c_t.l)
    0x000001d2   0x00000000   Code   RO          351    .ARM.Collect$$libinit$$00000011  c_t.l(libinit2.o)(c_t.l)
    0x000001d2   0x00000000   Code   RO          353    .ARM.Collect$$libinit$$00000013  c_t.l(libinit2.o)(c_t.l)
    0x000001d2   0x00000000   Code   RO          355    .ARM.Collect$$libinit$$00000015  c_t.l(libinit2.o)(c_t.l)
    0x000001d2   0x00000000   Code   RO          357    .ARM.Collect$$libinit$$00000017  c_t.l(libinit2.o)(c_t.l)
    0x000001d2   0x00000000   Code   RO          359    .ARM.Collect$$libinit$$00000019  c_t.l(libinit2.o)(c_t.l)
    0x000001d2   0x00000000   Code   RO          361    .ARM.Collect$$libinit$$0000001B  c_t.l(libinit2.o)(c_t.l)
    0x000001d2   0x00000000   Code   RO          363    .ARM.Collect$$libinit$$0000001D  c_t.l(libinit2.o)(c_t.l)
    0x000001d2   0x00000000   Code   RO          365    .ARM.Collect$$libinit$$0000001F  c_t.l(libinit2.o)(c_t.l)
    0x000001d2   0x00000000   Code   RO          367    .ARM.Collect$$libinit$$00000021  c_t.l(libinit2.o)(c_t.l)
    0x000001d2   0x00000000   Code   RO          371    .ARM.Collect$$libinit$$00000028  c_t.l(libinit2.o)(c_t.l)
    0x000001d2   0x00000000   Code   RO          373    .ARM.Collect$$libinit$$0000002A  c_t.l(libinit2.o)(c_t.l)
    0x000001d2   0x00000000   Code   RO          375    .ARM.Collect$$libinit$$0000002C  c_t.l(libinit2.o)(c_t.l)
    0x000001d2   0x00000000   Code   RO          377    .ARM.Collect$$libinit$$0000002E  c_t.l(libinit2.o)(c_t.l)
    0x000001d2   0x0000000c   Code   RO          378    .ARM.Collect$$libinit$$0000002F  c_t.l(libinit2.o)(c_t.l)
    0x000001de   0x00000002   PAD
    0x000001e0   0x00000008   Ven    RO          416    .ARM.Collect$$libshutdown$$00000000  c_t.l(libshutdown.o)(c_t.l)
    0x000001e8   0x00000004   Code   RO          416    .ARM.Collect$$libshutdown$$00000000  c_t.l(libshutdown.o)(c_t.l)
    0x000001ec   0x00000000   Code   RO          443    .ARM.Collect$$libshutdown$$00000003  c_t.l(libshutdown2.o)(c_t.l)
    0x000001ec   0x00000000   Code   RO          446    .ARM.Collect$$libshutdown$$00000006  c_t.l(libshutdown2.o)(c_t.l)
    0x000001ec   0x00000000   Code   RO          449    .ARM.Collect$$libshutdown$$00000009  c_t.l(libshutdown2.o)(c_t.l)
    0x000001ec   0x00000000   Code   RO          451    .ARM.Collect$$libshutdown$$0000000B  c_t.l(libshutdown2.o)(c_t.l)
    0x000001ec   0x00000000   Code   RO          454    .ARM.Collect$$libshutdown$$0000000E  c_t.l(libshutdown2.o)(c_t.l)
    0x000001ec   0x00000006   Code   RO          455    .ARM.Collect$$libshutdown$$0000000F  c_t.l(libshutdown2.o)(c_t.l)
    0x000001f2   0x00000002   PAD
    0x000001f4   0x00000000   Code   RO          273    .ARM.Collect$$rtentry$$00000000  c_t.l(rtentry.o)(c_t.l)
    0x000001f4   0x00000000   Code   RO          293    .ARM.Collect$$rtentry$$00000002  c_t.l(rtentry2.o)(c_t.l)
    0x000001f4   0x00000008   Code   RO          308    .ARM.Collect$$rtentry$$00000004  c_t.l(rtentry4.o)(c_t.l)
    0x000001fc   0x00000000   Code   RO          295    .ARM.Collect$$rtentry$$00000009  c_t.l(rtentry2.o)(c_t.l)
    0x000001fc   0x00000004   Code   RO          296    .ARM.Collect$$rtentry$$0000000A  c_t.l(rtentry2.o)(c_t.l)
    0x00000200   0x00000000   Code   RO          298    .ARM.Collect$$rtentry$$0000000C  c_t.l(rtentry2.o)(c_t.l)
    0x00000200   0x00000028   Code   RO          299    .ARM.Collect$$rtentry$$0000000D  c_t.l(rtentry2.o)(c_t.l)
    0x00000228   0x00000004   Ven    RO          330    .ARM.Collect$$rtexit$$00000000  c_t.l(rtexit.o)(c_t.l)
    0x0000022c   0x00000004   Code   RO          330    .ARM.Collect$$rtexit$$00000000  c_t.l(rtexit.o)(c_t.l)
    0x00000230   0x00000000   Code   RO          384    .ARM.Collect$$rtexit$$00000002  c_t.l(rtexit2.o)(c_t.l)
    0x00000230   0x00000004   Code   RO          385    .ARM.Collect$$rtexit$$00000003  c_t.l(rtexit2.o)(c_t.l)
    0x00000234   0x00000008   Code   RO          386    .ARM.Collect$$rtexit$$00000004  c_t.l(rtexit2.o)(c_t.l)
    0x0000023c   0x00000020   Code   RO            4    .text               startup.o
    0x0000025c   0x000002ec   Code   RO           11    .text               lcd.o
    0x00000548   0x0000005c   Code   RO           41    .text               delay.o
    0x000005a4   0x00000780   Code   RO           55    .text               main.o
    0x00000d24   0x000001e0   Code   RO          103    .text               kpm.o
    0x00000f04   0x00000148   Code   RO          126    .text               dht11.o
    0x0000104c   0x0000075c   Code   RO          144    .text               edit_fun.o
    0x000017a8   0x0000016c   Code   RO          157    .text               i2c.o
    0x00001914   0x00000c04   Code   RO          172    .text               esp01.o
    0x00002518   0x00000254   Code   RO          191    .text               uart0.o
    0x0000276c   0x0000017c   Code   RO          209    .text               i2c_eeprom.o
    0x000028e8   0x00000008   Ven    RO          223    .text               c_t.l(strstr.o)(c_t.l)
    0x000028f0   0x0000002a   Code   RO          223    .text               c_t.l(strstr.o)(c_t.l)
    0x0000291a   0x00000002   PAD
    0x0000291c   0x00000008   Ven    RO          225    .text               c_t.l(strrchr.o)(c_t.l)
    0x00002924   0x00000018   Code   RO          225    .text               c_t.l(strrchr.o)(c_t.l)
    0x0000293c   0x00000040   Code   RO          227    .text               c_t.l(rt_memclr.o)(c_t.l)
    0x0000297c   0x00000180   Code   RO          229    .text               c_t.l(aeabi_sdiv.o)(c_t.l)
    0x00002afc   0x00000006   Code   RO          245    .text               c_t.l(heapauxi.o)(c_t.l)
    0x00002b02   0x00000002   PAD
    0x00002b04   0x00000054   Code   RO          279    .text               c_t.l(rt_memclr_w.o)(c_t.l)
    0x00002b58   0x00000060   Code   RO          312    .text               c_t.l(sys_stackheap_outer.o)(c_t.l)
    0x00002bb8   0x0000000c   Code   RO          314    .text               c_t.l(exit.o)(c_t.l)
    0x00002bc4   0x0000000c   Code   RO          327    .text               c_t.l(libspace.o)(c_t.l)
    0x00002bd0   0x00000008   Ven    RO          381    .text               c_t.l(sys_exit.o)(c_t.l)
    0x00002bd8   0x0000000c   Code   RO          381    .text               c_t.l(sys_exit.o)(c_t.l)
    0x00002be4   0x00000010   Code   RO          394    .text               c_t.l(rt_fp_status_addr_intlibspace.o)(c_t.l)
    0x00002bf4   0x00000004   Code   RO          406    .text               c_t.l(use_no_semi.o)(c_t.l)
    0x00002bf8   0x00000024   Code   RO          230    .text_udiv          c_t.l(aeabi_sdiv.o)(c_t.l)
    0x00002c1c   0x0000001c   Code   RO          281    x$fpl$dcmpinf       fz_ts.l(dcmpi.o)(fz_ts.l)
    0x00002c38   0x00000094   Code   RO          249    x$fpl$dleqf         fz_ts.l(dleqf.o)(fz_ts.l)
    0x00002ccc   0x000000c0   Code   RO          283    x$fpl$dnaninf       fz_ts.l(dnaninf.o)(fz_ts.l)
    0x00002d8c   0x00000010   Code   RO          285    x$fpl$dretinf       fz_ts.l(dretinf.o)(fz_ts.l)
    0x00002d9c   0x00000064   Code   RO          251    x$fpl$f2d           fz_ts.l(f2d.o)(fz_ts.l)
    0x00002e00   0x000000c4   Code   RO          253    x$fpl$fadd          fz_ts.l(faddsub_noclz.o)(fz_ts.l)
    0x00002ec4   0x00000044   Code   RO          259    x$fpl$ffix          fz_ts.l(ffix.o)(fz_ts.l)
    0x00002f08   0x00000054   Code   RO          263    x$fpl$ffixu         fz_ts.l(ffixu.o)(fz_ts.l)
    0x00002f5c   0x0000005c   Code   RO          268    x$fpl$fflt          fz_ts.l(fflt_noclz.o)(fz_ts.l)
    0x00002fb8   0x00000008   Code   RO          267    x$fpl$ffltu         fz_ts.l(fflt_noclz.o)(fz_ts.l)
    0x00002fc0   0x00000100   Code   RO          271    x$fpl$fmul          fz_ts.l(fmul.o)(fz_ts.l)
    0x000030c0   0x000000a8   Code   RO          287    x$fpl$fnaninf       fz_ts.l(fnaninf.o)(fz_ts.l)
    0x00003168   0x00000004   Ven    RO          379    x$fpl$fpinit        fz_ts.l(fpinit.o)(fz_ts.l)
    0x0000316c   0x00000018   Code   RO          379    x$fpl$fpinit        fz_ts.l(fpinit.o)(fz_ts.l)
    0x00003184   0x00000010   Code   RO          289    x$fpl$fretinf       fz_ts.l(fretinf.o)(fz_ts.l)
    0x00003194   0x00000014   Code   RO          254    x$fpl$frsb          fz_ts.l(faddsub_noclz.o)(fz_ts.l)
    0x000031a8   0x00000130   Code   RO          255    x$fpl$fsub          fz_ts.l(faddsub_noclz.o)(fz_ts.l)
    0x000032d8   0x00000000   Code   RO          291    x$fpl$usenofp       fz_ts.l(usenofp.o)(fz_ts.l)
    0x000032d8   0x0000004b   Data   RO          173    .constdata          esp01.o
    0x00003323   0x00000001   PAD
    0x00003324   0x00000020   Data   RO          456    Region$$Table       anon$$obj.o


    Execution Region RW_IRAM1 (Base: 0x40000000, Size: 0x00000640, Max: 0x00008000, ABSOLUTE, COMPRESSED[0x00000020])

    Base Addr    Size         Type   Attr      Idx    E Section Name        Object

    0x40000000   0x00000018   Data   RW           56    .data               main.o
    0x40000018   0x00000010   Data   RW          104    .data               kpm.o
    0x40000028   0x00000130   Data   RW          192    .data               uart0.o
    0x40000158   0x00000060   Zero   RW          328    .bss                c_t.l(libspace.o)(c_t.l)
    0x400001b8   0x00000000   Zero   RW            2    HEAP                startup.o
    0x400001b8   0x00000488   Zero   RW            1    STACK               startup.o


==============================================================================

Image component sizes


      Code (inc. data)   RO Data    RW Data    ZI Data      Debug   Object Name

        92          8          0          0          0          0   delay.o
       328          4          0          0          0          0   dht11.o
      1884        432          0          0          0          0   edit_fun.o
      3076        676         75          0          0          0   esp01.o
       364          8          0          0          0          0   i2c.o
       380          0          0          0          0          0   i2c_eeprom.o
       480          8          0         16          0          0   kpm.o
       748          8          0          0          0          0   lcd.o
      1920        296          0         24          0          0   main.o
       304         60          0          0       1160          0   startup.o
       596         24          0        304          0          0   uart0.o

    ----------------------------------------------------------------------
     10172       1524        108        344       1160          0   Object Totals
         0          0         32          0          0          0   (incl. Generated)
         0          0          1          0          0          1   (incl. Padding)

    ----------------------------------------------------------------------

      Code (inc. data)   RO Data    RW Data    ZI Data      Debug   Library Member Name

        68          2          0          0          0          0   __dczerorl.o
         8          0          0          0          0          0   __main.o
        60          8          0          0          0          0   __scatter.o
        44          0          0          0          0          0   __scatter_zi.o
       420          0          0          0          0          0   aeabi_sdiv.o
        12          0          0          0          0          0   exit.o
         6          0          0          0          0          0   heapauxi.o
        14          0          0          0          0          0   libinit.o
        12          0          0          0          0          0   libinit2.o
        12          0          0          0          0          0   libshutdown.o
         6          0          0          0          0          0   libshutdown2.o
        12          4          0          0         96          0   libspace.o
        16          4          0          0          0          0   rt_fp_status_addr_intlibspace.o
        64          0          0          0          0          0   rt_memclr.o
        84          0          0          0          0          0   rt_memclr_w.o
         0          0          0          0          0          0   rtentry.o
        44          4          0          0          0          0   rtentry2.o
         8          0          0          0          0          0   rtentry4.o
         8          0          0          0          0          0   rtexit.o
        12          0          0          0          0          0   rtexit2.o
        32          0          0          0          0          0   strrchr.o
        50          0          0          0          0          0   strstr.o
        20          4          0          0          0          0   sys_exit.o
        96          0          0          0          0          0   sys_stackheap_outer.o
         4          0          0          0          0          0   use_no_semi.o
        28          0          0          0          0          0   dcmpi.o
       148          4          0          0          0          0   dleqf.o
       192          0          0          0          0          0   dnaninf.o
        16          0          0          0          0          0   dretinf.o
       100          4          0          0          0          0   f2d.o
       520          8          0          0          0          0   faddsub_noclz.o
        68          4          0          0          0          0   ffix.o
        84          4          0          0          0          0   ffixu.o
       100          0          0          0          0          0   fflt_noclz.o
       256          4          0          0          0          0   fmul.o
       168          0          0          0          0          0   fnaninf.o
        28          0          0          0          0          0   fpinit.o
        16          0          0          0          0          0   fretinf.o
         0          0          0          0          0          0   usenofp.o

    ----------------------------------------------------------------------
      2844         54          0          0         96          0   Library Totals
         8          0          0          0          0          0   (incl. Padding)

    ----------------------------------------------------------------------

      Code (inc. data)   RO Data    RW Data    ZI Data      Debug   Library Name

      1112         26          0          0         96       1036   c_t.l
      1724         28          0          0          0       1292   fz_ts.l

    ----------------------------------------------------------------------
      2844         54          0          0         96          0   Library Totals

    ----------------------------------------------------------------------

==============================================================================


      Code (inc. data)   RO Data    RW Data    ZI Data      Debug   

     13016       1578        108        344       1256      21188   Grand Totals
     13016       1578        108         32       1256      21188   ELF Image Totals (compressed)
     13016       1578        108         32          0          0   ROM Totals

==============================================================================

    Total RO  Size (Code + RO Data)                13124 (  12.82kB)
    Total RW  Size (RW Data + ZI Data)              1600 (   1.56kB)
    Total ROM Size (Code + RO Data + RW Data)      13156 (  12.85kB)

==============================================================================

