<html>
<body>
<pre>
<h1>µVision Build Log</h1>
<h2>Project:</h2>
E:\v24he2v8\arm\project\project.uvproj
Project File Date:  03/13/2025

<h2>Output:</h2>
Build target 'Target 1'
assembling Startup.s...
compiling lcd.c...
compiling delay.c...
compiling main.c...
main.c(27): warning:  #550-D: variable "humidity_decimal" was set but never used
main.c:          u8 humidity_int, humidity_decimal, temp_int, temp_decimal, checksum;
main.c:                           ^
main.c(27): warning:  #550-D: variable "temp_decimal" was set but never used
main.c:          u8 humidity_int, humidity_decimal, temp_int, temp_decimal, checksum;
main.c:                                                       ^
main.c(27): warning:  #550-D: variable "checksum" was set but never used
main.c:          u8 humidity_int, humidity_decimal, temp_int, temp_decimal, checksum;
main.c:                                                                     ^
main.c: main.c: 3 warnings, 0 errors
compiling kpm.c...
compiling dht11.c...
compiling Edit_Fun.c...
compiling i2c.c...
compiling esp01.c...
compiling uart0.c...
compiling i2c_eeprom.c...
linking...
Program Size: Code=13016 RO-data=108 RW-data=344 ZI-data=1256  
FromELF: creating hex file...
"project.axf" - 0 Error(s), 3 Warning(s).
