<html>
<body>
<pre>
<h1>µVision Build Log</h1>
<h2>Project:</h2>
E:\v24he2v8\arm\project\LPC2148-ESP01\LPC2148-ESP01-LEVEL1\ESP01.uvproj
Project File Date:  02/04/2025

<h2>Output:</h2>
Build target 'Target 1'
assembling Startup.s...
compiling main.c...
compiling uart0.c...
compiling delay.c...
compiling esp01.c...
compiling lcd.c...
linking...
Program Size: Code=6056 RO-data=32 RW-data=216 ZI-data=1256  
FromELF: creating hex file...
"11.axf" - 0 Error(s), 0 Warning(s).
Build target 'Target 1'
assembling Startup.s...
compiling main.c...
compiling uart0.c...
compiling delay.c...
compiling esp01.c...
compiling lcd.c...
linking...
Program Size: Code=6056 RO-data=32 RW-data=216 ZI-data=1256  
FromELF: creating hex file...
"11.axf" - 0 Error(s), 0 Warning(s).
Build target 'Target 1'
assembling Startup.s...
compiling main.c...
compiling uart0.c...
compiling delay.c...
compiling esp01.c...
compiling lcd.c...
linking...
Program Size: Code=6056 RO-data=32 RW-data=216 ZI-data=1256  
FromELF: creating hex file...
"11.axf" - 0 Error(s), 0 Warning(s).
